// Jest Snapshot v1, https://goo.gl/fbAQLP

exports[`renders the rewards and categories 1`] = `
<div>
  <div
    class="app"
  >
    <div
      class="toolbar"
    >
      <button
        disabled=""
      >
        Undo
      </button>
       
      /
       
      <button
        disabled=""
      >
        Redo
      </button>
    </div>
    <div
      class="main"
    >
      <div
        class="rewards-container"
      >
        <div
          class="header"
        >
          Rewards
        </div>
        <div
          class="placeholder"
        />
        <div
          class="reward"
        >
          R1
        </div>
        <div
          class="reward"
        >
          R2
        </div>
        <div
          class="reward"
        >
          R3
        </div>
        <div
          class="reward"
        >
          R4
        </div>
        <div
          class="reward"
        >
          R5
        </div>
      </div>
      <div
        class="categories-container"
      >
        <div
          class="header"
        >
          Categories
        </div>
        <div
          class="columns"
        >
          <div
            class="lane dropzone"
          >
            <div
              class="header"
            >
              C1
            </div>
            <div
              class="indicators"
            >
              <div
                class="indicator"
              >
                <div
                  class="close"
                />
                R1
              </div>
              <div
                class="indicator"
              >
                <div
                  class="close"
                />
                R2
              </div>
              <div
                class="indicator"
              >
                <div
                  class="close"
                />
                R3
              </div>
              <div
                class="indicator"
              >
                <div
                  class="close"
                />
                R4
              </div>
              <div
                class="indicator"
              >
                <div
                  class="close"
                />
                R5
              </div>
            </div>
          </div>
          <div
            class="lane dropzone"
          >
            <div
              class="header"
            >
              C2
            </div>
            <div
              class="indicators"
            >
              <div
                class="indicator"
              >
                <div
                  class="close"
                />
                R1
              </div>
              <div
                class="indicator"
              >
                <div
                  class="close"
                />
                R2
              </div>
              <div
                class="indicator"
              >
                <div
                  class="close"
                />
                R3
              </div>
              <div
                class="indicator"
              >
                <div
                  class="close"
                />
                R4
              </div>
              <div
                class="indicator"
              >
                <div
                  class="close"
                />
                R5
              </div>
            </div>
          </div>
          <div
            class="lane dropzone"
          >
            <div
              class="header"
            >
              C3
            </div>
            <div
              class="indicators"
            >
              <div
                class="indicator"
              >
                <div
                  class="close"
                />
                R1
              </div>
              <div
                class="indicator"
              >
                <div
                  class="close"
                />
                R2
              </div>
              <div
                class="indicator"
              >
                <div
                  class="close"
                />
                R3
              </div>
              <div
                class="indicator"
              >
                <div
                  class="close"
                />
                R4
              </div>
              <div
                class="indicator"
              >
                <div
                  class="close"
                />
                R5
              </div>
            </div>
          </div>
          <div
            class="lane dropzone"
          >
            <div
              class="header"
            >
              C4
            </div>
            <div
              class="indicators"
            >
              <div
                class="indicator"
              >
                <div
                  class="close"
                />
                R1
              </div>
              <div
                class="indicator"
              >
                <div
                  class="close"
                />
                R2
              </div>
              <div
                class="indicator"
              >
                <div
                  class="close"
                />
                R3
              </div>
              <div
                class="indicator"
              >
                <div
                  class="close"
                />
                R4
              </div>
              <div
                class="indicator"
              >
                <div
                  class="close"
                />
                R5
              </div>
            </div>
          </div>
          <div
            class="lane dropzone"
          >
            <div
              class="header"
            >
              C5
            </div>
            <div
              class="indicators"
            >
              <div
                class="indicator"
              >
                <div
                  class="close"
                />
                R1
              </div>
              <div
                class="indicator"
              >
                <div
                  class="close"
                />
                R2
              </div>
              <div
                class="indicator"
              >
                <div
                  class="close"
                />
                R3
              </div>
              <div
                class="indicator"
              >
                <div
                  class="close"
                />
                R4
              </div>
              <div
                class="indicator"
              >
                <div
                  class="close"
                />
                R5
              </div>
            </div>
          </div>
        </div>
      </div>
    </div>
  </div>
</div>
`;
