// Jest Snapshot v1, https://goo.gl/fbAQLP

exports[`renders the Column in a row 1`] = `
<div>
  <div
    class="columns"
  >
    <div
      class="lane dropzone"
    >
      <div
        class="header"
      >
        C1
      </div>
      <div
        class="indicators"
      >
        <div
          class="indicator"
        >
          <div
            class="close"
          />
          R1
        </div>
        <div
          class="indicator"
        >
          <div
            class="close"
          />
          R2
        </div>
        <div
          class="indicator"
        >
          <div
            class="close"
          />
          R3
        </div>
        <div
          class="indicator"
        >
          <div
            class="close"
          />
          R4
        </div>
        <div
          class="indicator"
        >
          <div
            class="close"
          />
          R5
        </div>
      </div>
    </div>
    <div
      class="lane dropzone"
    >
      <div
        class="header"
      >
        C2
      </div>
      <div
        class="indicators"
      >
        <div
          class="indicator"
        >
          <div
            class="close"
          />
          R1
        </div>
        <div
          class="indicator"
        >
          <div
            class="close"
          />
          R2
        </div>
        <div
          class="indicator"
        >
          <div
            class="close"
          />
          R3
        </div>
        <div
          class="indicator"
        >
          <div
            class="close"
          />
          R4
        </div>
        <div
          class="indicator"
        >
          <div
            class="close"
          />
          R5
        </div>
      </div>
    </div>
    <div
      class="lane dropzone"
    >
      <div
        class="header"
      >
        C3
      </div>
      <div
        class="indicators"
      >
        <div
          class="indicator"
        >
          <div
            class="close"
          />
          R1
        </div>
        <div
          class="indicator"
        >
          <div
            class="close"
          />
          R2
        </div>
        <div
          class="indicator"
        >
          <div
            class="close"
          />
          R3
        </div>
        <div
          class="indicator"
        >
          <div
            class="close"
          />
          R4
        </div>
        <div
          class="indicator"
        >
          <div
            class="close"
          />
          R5
        </div>
      </div>
    </div>
    <div
      class="lane dropzone"
    >
      <div
        class="header"
      >
        C4
      </div>
      <div
        class="indicators"
      >
        <div
          class="indicator"
        >
          <div
            class="close"
          />
          R1
        </div>
        <div
          class="indicator"
        >
          <div
            class="close"
          />
          R2
        </div>
        <div
          class="indicator"
        >
          <div
            class="close"
          />
          R3
        </div>
        <div
          class="indicator"
        >
          <div
            class="close"
          />
          R4
        </div>
        <div
          class="indicator"
        >
          <div
            class="close"
          />
          R5
        </div>
      </div>
    </div>
    <div
      class="lane dropzone"
    >
      <div
        class="header"
      >
        C5
      </div>
      <div
        class="indicators"
      >
        <div
          class="indicator"
        >
          <div
            class="close"
          />
          R1
        </div>
        <div
          class="indicator"
        >
          <div
            class="close"
          />
          R2
        </div>
        <div
          class="indicator"
        >
          <div
            class="close"
          />
          R3
        </div>
        <div
          class="indicator"
        >
          <div
            class="close"
          />
          R4
        </div>
        <div
          class="indicator"
        >
          <div
            class="close"
          />
          R5
        </div>
      </div>
    </div>
  </div>
</div>
`;
